
===========================================================================
 report_power
============================================================================
======================= nom_ff_n40C_1v95 Corner ===================================

Group                    Internal    Switching      Leakage        Total
                            Power        Power        Power        Power (Watts)
------------------------------------------------------------------------
Sequential           3.168668e-03 4.617535e-04 2.376047e-08 3.630445e-03  37.2%
Combinational        1.361869e-03 2.392890e-03 8.021457e-08 3.754839e-03  38.5%
Clock                1.041694e-03 1.324326e-03 2.466095e-08 2.366044e-03  24.3%
Macro                0.000000e+00 0.000000e+00 0.000000e+00 0.000000e+00   0.0%
Pad                  0.000000e+00 0.000000e+00 0.000000e+00 0.000000e+00   0.0%
------------------------------------------------------------------------
Total                5.572236e-03 4.178966e-03 1.286391e-07 9.751331e-03 100.0%
                            57.1%        42.9%         0.0%

