Clock: clk
Sources: clk 
Generated: no
Virtual: yes
Propagated: no
Period: 25.000000

===========================================================================
report_clock_properties
============================================================================
Clock                   Period          Waveform
----------------------------------------------------
clk                  25.000000    0.000000 12.500000

===========================================================================
report_clock_latency
============================================================================
Clock clk
rise -> rise
    min     max
0.000000 0.000000 source latency
0.652803         network latency _10897_/CLK
        0.859227 network latency _11093_/CLK
---------------
0.652803 0.859227 latency
        0.206424 skew

fall -> fall
    min     max
0.000000 0.000000 source latency
0.521773         network latency _10897_/CLK
        0.713261 network latency _11093_/CLK
---------------
0.521773 0.713261 latency
        0.191489 skew



===========================================================================
report_clock_min_period
============================================================================
clk period_min = 7.46 fmax = 134.02
