
===========================================================================
 report_power
============================================================================
======================= nom_tt_025C_1v80 Corner ===================================

Group                    Internal    Switching      Leakage        Total
                            Power        Power        Power        Power (Watts)
------------------------------------------------------------------------
Sequential           2.733560e-03 2.341965e-04 1.294486e-08 2.967770e-03  40.5%
Combinational        1.155702e-03 1.394377e-03 3.304072e-08 2.550113e-03  34.8%
Clock                9.099907e-04 9.046057e-04 3.027440e-09 1.814599e-03  24.7%
Macro                0.000000e+00 0.000000e+00 0.000000e+00 0.000000e+00   0.0%
Pad                  0.000000e+00 0.000000e+00 0.000000e+00 0.000000e+00   0.0%
------------------------------------------------------------------------
Total                4.799258e-03 2.533180e-03 4.901402e-08 7.332487e-03 100.0%
                            65.5%        34.5%         0.0%
Writing metric power__internal__total: 0.004799258429557085
Writing metric power__switching__total: 0.002533179707825184
Writing metric power__leakage__total: 4.901401950974105e-8
Writing metric power__total: 0.007332487031817436

