                                                                       Cells by Function                                                                        
┏━━━━━━━━━━━━━━━━━━━━━━━━━━━━━━━━━━━━━━━━━━━━━━━━━━━━━━━━━━━━━━━━━━━━━━━━━━━━━━━━━━━━━━━━━━━━━━━━━━━━━━━━━━━━━━━━━━━━━━━━━━━━━━━━━┳━━━━━━━━━━━━━━━━━━━━━━━━━━━━┓
┃ Cell Function                                                                                                                   ┃ Count                      ┃
┡━━━━━━━━━━━━━━━━━━━━━━━━━━━━━━━━━━━━━━━━━━━━━━━━━━━━━━━━━━━━━━━━━━━━━━━━━━━━━━━━━━━━━━━━━━━━━━━━━━━━━━━━━━━━━━━━━━━━━━━━━━━━━━━━━╇━━━━━━━━━━━━━━━━━━━━━━━━━━━━┩
│ sky130_ef_sc_hd__decap                                                                                                          │ 2327                       │
│ sky130_fd_sc_hd__a2111o                                                                                                         │ 2                          │
│ sky130_fd_sc_hd__a211o                                                                                                          │ 68                         │
│ sky130_fd_sc_hd__a211oi                                                                                                         │ 2                          │
│ sky130_fd_sc_hd__a21bo                                                                                                          │ 21                         │
│ sky130_fd_sc_hd__a21boi                                                                                                         │ 7                          │
│ sky130_fd_sc_hd__a21o                                                                                                           │ 232                        │
│ sky130_fd_sc_hd__a21oi                                                                                                          │ 136                        │
│ sky130_fd_sc_hd__a221o                                                                                                          │ 109                        │
│ sky130_fd_sc_hd__a221oi                                                                                                         │ 3                          │
│ sky130_fd_sc_hd__a22o                                                                                                           │ 177                        │
│ sky130_fd_sc_hd__a22oi                                                                                                          │ 1                          │
│ sky130_fd_sc_hd__a2bb2o                                                                                                         │ 17                         │
│ sky130_fd_sc_hd__a311o                                                                                                          │ 13                         │
│ sky130_fd_sc_hd__a31o                                                                                                           │ 107                        │
│ sky130_fd_sc_hd__a31oi                                                                                                          │ 5                          │
│ sky130_fd_sc_hd__a32o                                                                                                           │ 35                         │
│ sky130_fd_sc_hd__a41o                                                                                                           │ 6                          │
│ sky130_fd_sc_hd__a41oi                                                                                                          │ 2                          │
│ sky130_fd_sc_hd__and2                                                                                                           │ 126                        │
│ sky130_fd_sc_hd__and2b                                                                                                          │ 59                         │
│ sky130_fd_sc_hd__and3                                                                                                           │ 110                        │
│ sky130_fd_sc_hd__and3b                                                                                                          │ 56                         │
│ sky130_fd_sc_hd__and4                                                                                                           │ 52                         │
│ sky130_fd_sc_hd__and4b                                                                                                          │ 6                          │
│ sky130_fd_sc_hd__and4bb                                                                                                         │ 4                          │
│ sky130_fd_sc_hd__buf                                                                                                            │ 539                        │
│ sky130_fd_sc_hd__bufinv                                                                                                         │ 14                         │
│ sky130_fd_sc_hd__clkbuf                                                                                                         │ 660                        │
│ sky130_fd_sc_hd__clkinv                                                                                                         │ 40                         │
│ sky130_fd_sc_hd__clkinvlp                                                                                                       │ 22                         │
│ sky130_fd_sc_hd__conb                                                                                                           │ 106                        │
│ sky130_fd_sc_hd__decap                                                                                                          │ 3996                       │
│ sky130_fd_sc_hd__dfxtp                                                                                                          │ 1597                       │
│ sky130_fd_sc_hd__diode                                                                                                          │ 114                        │
│ sky130_fd_sc_hd__dlygate4sd3                                                                                                    │ 1271                       │
│ sky130_fd_sc_hd__dlymetal6s2s                                                                                                   │ 29                         │
│ sky130_fd_sc_hd__fill                                                                                                           │ 3466                       │
│ sky130_fd_sc_hd__inv                                                                                                            │ 109                        │
│ sky130_fd_sc_hd__mux2                                                                                                           │ 1506                       │
│ sky130_fd_sc_hd__mux4                                                                                                           │ 531                        │
│ sky130_fd_sc_hd__nand2                                                                                                          │ 209                        │
│ sky130_fd_sc_hd__nand2b                                                                                                         │ 28                         │
│ sky130_fd_sc_hd__nand3                                                                                                          │ 16                         │
│ sky130_fd_sc_hd__nand3b                                                                                                         │ 5                          │
│ sky130_fd_sc_hd__nand4                                                                                                          │ 2                          │
│ sky130_fd_sc_hd__nor2                                                                                                           │ 237                        │
│ sky130_fd_sc_hd__nor3                                                                                                           │ 12                         │
│ sky130_fd_sc_hd__nor3b                                                                                                          │ 4                          │
│ sky130_fd_sc_hd__o2111a                                                                                                         │ 2                          │
│ sky130_fd_sc_hd__o211a                                                                                                          │ 142                        │
│ sky130_fd_sc_hd__o211ai                                                                                                         │ 7                          │
│ sky130_fd_sc_hd__o21a                                                                                                           │ 122                        │
│ sky130_fd_sc_hd__o21ai                                                                                                          │ 135                        │
│ sky130_fd_sc_hd__o21ba                                                                                                          │ 7                          │
│ sky130_fd_sc_hd__o21bai                                                                                                         │ 3                          │
│ sky130_fd_sc_hd__o221a                                                                                                          │ 26                         │
│ sky130_fd_sc_hd__o22a                                                                                                           │ 67                         │
│ sky130_fd_sc_hd__o22ai                                                                                                          │ 1                          │
│ sky130_fd_sc_hd__o2bb2a                                                                                                         │ 7                          │
│ sky130_fd_sc_hd__o311a                                                                                                          │ 7                          │
│ sky130_fd_sc_hd__o31a                                                                                                           │ 20                         │
│ sky130_fd_sc_hd__o31ai                                                                                                          │ 6                          │
│ sky130_fd_sc_hd__o32a                                                                                                           │ 4                          │
│ sky130_fd_sc_hd__o41a                                                                                                           │ 16                         │
│ sky130_fd_sc_hd__or2                                                                                                            │ 278                        │
│ sky130_fd_sc_hd__or3                                                                                                            │ 39                         │
│ sky130_fd_sc_hd__or3b                                                                                                           │ 14                         │
│ sky130_fd_sc_hd__or4                                                                                                            │ 22                         │
│ sky130_fd_sc_hd__or4b                                                                                                           │ 12                         │
│ sky130_fd_sc_hd__or4bb                                                                                                          │ 4                          │
│ sky130_fd_sc_hd__tapvpwrvgnd                                                                                                    │ 2496                       │
│ sky130_fd_sc_hd__xnor2                                                                                                          │ 33                         │
│ sky130_fd_sc_hd__xor2                                                                                                           │ 27                         │
└─────────────────────────────────────────────────────────────────────────────────────────────────────────────────────────────────┴────────────────────────────┘
