Clock: clk
Sources: clk 
Generated: no
Virtual: yes
Propagated: no
Period: 25.000000

===========================================================================
report_clock_properties
============================================================================
Clock                   Period          Waveform
----------------------------------------------------
clk                  25.000000    0.000000 12.500000

===========================================================================
report_clock_latency
============================================================================
Clock clk
rise -> rise
    min     max
0.000000 0.000000 source latency
1.444111         network latency _10706_/CLK
        1.885951 network latency _10811_/CLK
---------------
1.444111 1.885951 latency
        0.441840 skew

fall -> fall
    min     max
0.000000 0.000000 source latency
1.153718         network latency _10706_/CLK
        1.550228 network latency _10811_/CLK
---------------
1.153718 1.550228 latency
        0.396510 skew



===========================================================================
report_clock_min_period
============================================================================
clk period_min = 16.25 fmax = 61.54
