
===========================================================================
 report_power
============================================================================
======================= nom_ff_n40C_1v95 Corner ===================================

Group                    Internal    Switching      Leakage        Total
                            Power        Power        Power        Power (Watts)
------------------------------------------------------------------------
Sequential           3.226262e-03 7.352124e-04 3.262852e-08 3.961507e-03  60.7%
Combinational        1.911498e-03 6.532997e-04 4.929613e-08 2.564847e-03  39.3%
Clock                0.000000e+00 0.000000e+00 0.000000e+00 0.000000e+00   0.0%
Macro                0.000000e+00 0.000000e+00 0.000000e+00 0.000000e+00   0.0%
Pad                  0.000000e+00 0.000000e+00 0.000000e+00 0.000000e+00   0.0%
------------------------------------------------------------------------
Total                5.137743e-03 1.388512e-03 8.192409e-08 6.526337e-03 100.0%
                            78.7%        21.3%         0.0%

