
===========================================================================
 report_power
============================================================================
======================= nom_ss_100C_1v60 Corner ===================================

Group                    Internal    Switching      Leakage        Total
                            Power        Power        Power        Power (Watts)
------------------------------------------------------------------------
Sequential           2.128504e-03 4.690132e-04 2.387585e-05 2.621393e-03  66.3%
Combinational        8.767080e-04 4.268307e-04 2.962832e-05 1.333167e-03  33.7%
Clock                0.000000e+00 0.000000e+00 0.000000e+00 0.000000e+00   0.0%
Macro                0.000000e+00 0.000000e+00 0.000000e+00 0.000000e+00   0.0%
Pad                  0.000000e+00 0.000000e+00 0.000000e+00 0.000000e+00   0.0%
------------------------------------------------------------------------
Total                3.005224e-03 8.958437e-04 5.350410e-05 3.954572e-03 100.0%
                            76.0%        22.7%         1.4%

