┏━━━━━━━━━━━━━━━━━━━━━━┳━━━━━━━━━━┳━━━━━━━━━━┳━━━━━━━━━━┳━━━━━━━━━━┳━━━━━━━━━━━┳━━━━━━━━━━┳━━━━━━━━━━━┳━━━━━━━━━━┳━━━━━━━━━━━┳━━━━━━━━━━┳━━━━━━━━━━━┳━━━━━━━━━━┓
┃                      ┃ Hold     ┃ Reg to   ┃          ┃          ┃ of which  ┃ Setup    ┃           ┃          ┃           ┃ of which ┃           ┃          ┃
┃                      ┃ Worst    ┃ Reg      ┃          ┃ Hold Vio ┃ reg to    ┃ Worst    ┃ Reg to    ┃ Setup    ┃ Setup Vio ┃ reg to   ┃ Max Cap   ┃ Max Slew ┃
┃ Corner/Group         ┃ Slack    ┃ Paths    ┃ Hold TNS ┃ Count    ┃ reg       ┃ Slack    ┃ Reg Paths ┃ TNS      ┃ Count     ┃ reg      ┃ Violatio… ┃ Violati… ┃
┡━━━━━━━━━━━━━━━━━━━━━━╇━━━━━━━━━━╇━━━━━━━━━━╇━━━━━━━━━━╇━━━━━━━━━━╇━━━━━━━━━━━╇━━━━━━━━━━╇━━━━━━━━━━━╇━━━━━━━━━━╇━━━━━━━━━━━╇━━━━━━━━━━╇━━━━━━━━━━━╇━━━━━━━━━━┩
│ Overall              │ 0.1173   │ 0.1173   │ 0.0000   │ 0        │ 0         │ 8.1015   │ 8.1015    │ 0.0000   │ 0         │ 0        │ 1         │ 104      │
│ nom_tt_025C_1v80     │ 0.3215   │ 0.3215   │ 0.0000   │ 0        │ 0         │ 13.1930  │ 16.5997   │ 0.0000   │ 0         │ 0        │ 1         │ 11       │
│ nom_ss_100C_1v60     │ 0.8559   │ 0.8559   │ 0.0000   │ 0        │ 0         │ 8.4392   │ 8.4392    │ 0.0000   │ 0         │ 0        │ 1         │ 96       │
│ nom_ff_n40C_1v95     │ 0.1219   │ 0.1219   │ 0.0000   │ 0        │ 0         │ 13.7324  │ 19.6670   │ 0.0000   │ 0         │ 0        │ 1         │ 0        │
│ min_tt_025C_1v80     │ 0.3174   │ 0.3174   │ 0.0000   │ 0        │ 0         │ 13.2539  │ 16.7791   │ 0.0000   │ 0         │ 0        │ 1         │ 0        │
│ min_ss_100C_1v60     │ 0.8478   │ 0.8478   │ 0.0000   │ 0        │ 0         │ 8.7516   │ 8.7516    │ 0.0000   │ 0         │ 0        │ 1         │ 77       │
│ min_ff_n40C_1v95     │ 0.1173   │ 0.1173   │ 0.0000   │ 0        │ 0         │ 13.7711  │ 19.7847   │ 0.0000   │ 0         │ 0        │ 1         │ 0        │
│ max_tt_025C_1v80     │ 0.3262   │ 0.3262   │ 0.0000   │ 0        │ 0         │ 13.1278  │ 16.4039   │ 0.0000   │ 0         │ 0        │ 1         │ 31       │
│ max_ss_100C_1v60     │ 0.8649   │ 0.8649   │ 0.0000   │ 0        │ 0         │ 8.1015   │ 8.1015    │ 0.0000   │ 0         │ 0        │ 1         │ 104      │
│ max_ff_n40C_1v95     │ 0.1269   │ 0.1269   │ 0.0000   │ 0        │ 0         │ 13.6917  │ 19.5355   │ 0.0000   │ 0         │ 0        │ 1         │ 0        │
└──────────────────────┴──────────┴──────────┴──────────┴──────────┴───────────┴──────────┴───────────┴──────────┴───────────┴──────────┴───────────┴──────────┘
