
===========================================================================
 report_power
============================================================================
======================= nom_tt_025C_1v80 Corner ===================================

Group                    Internal    Switching      Leakage        Total
                            Power        Power        Power        Power (Watts)
------------------------------------------------------------------------
Sequential           2.733350e-03 2.575352e-04 1.294486e-08 2.990898e-03  39.3%
Combinational        1.209620e-03 1.527368e-03 4.182909e-08 2.737030e-03  35.9%
Clock                9.112075e-04 9.792489e-04 3.028032e-09 1.890459e-03  24.8%
Macro                0.000000e+00 0.000000e+00 0.000000e+00 0.000000e+00   0.0%
Pad                  0.000000e+00 0.000000e+00 0.000000e+00 0.000000e+00   0.0%
------------------------------------------------------------------------
Total                4.854167e-03 2.764151e-03 5.780299e-08 7.618376e-03 100.0%
                            63.7%        36.3%         0.0%
Writing metric power__internal__total: 0.004854166880249977
Writing metric power__switching__total: 0.0027641511987894773
Writing metric power__leakage__total: 5.7802992614597315e-8
Writing metric power__total: 0.007618376053869724

