
===========================================================================
 report_power
============================================================================
======================= min_ff_n40C_1v95 Corner ===================================

Group                    Internal    Switching      Leakage        Total
                            Power        Power        Power        Power (Watts)
------------------------------------------------------------------------
Sequential           3.169086e-03 4.276228e-04 2.376047e-08 3.596733e-03  37.8%
Combinational        1.359212e-03 2.255096e-03 8.021457e-08 3.614388e-03  37.9%
Clock                1.041148e-03 1.275028e-03 2.466095e-08 2.316201e-03  24.3%
Macro                0.000000e+00 0.000000e+00 0.000000e+00 0.000000e+00   0.0%
Pad                  0.000000e+00 0.000000e+00 0.000000e+00 0.000000e+00   0.0%
------------------------------------------------------------------------
Total                5.569439e-03 3.957746e-03 1.286391e-07 9.527314e-03 100.0%
                            58.5%        41.5%         0.0%

