
===========================================================================
 report_power
============================================================================
======================= nom_tt_025C_1v80 Corner ===================================

Group                    Internal    Switching      Leakage        Total
                            Power        Power        Power        Power (Watts)
------------------------------------------------------------------------
Sequential           2.733444e-03 2.325450e-04 1.294486e-08 2.966002e-03  40.1%
Combinational        1.206441e-03 1.408285e-03 4.182909e-08 2.614768e-03  35.3%
Clock                9.100619e-04 9.074525e-04 3.027440e-09 1.817517e-03  24.6%
Macro                0.000000e+00 0.000000e+00 0.000000e+00 0.000000e+00   0.0%
Pad                  0.000000e+00 0.000000e+00 0.000000e+00 0.000000e+00   0.0%
------------------------------------------------------------------------
Total                4.849955e-03 2.548282e-03 5.780239e-08 7.398294e-03 100.0%
                            65.6%        34.4%         0.0%
Writing metric power__internal__total: 0.004849954508244991
Writing metric power__switching__total: 0.002548281569033861
Writing metric power__leakage__total: 5.780238865327192e-8
Writing metric power__total: 0.007398293819278479

