
===========================================================================
 report_power
============================================================================
======================= nom_tt_025C_1v80 Corner ===================================

Group                    Internal    Switching      Leakage        Total
                            Power        Power        Power        Power (Watts)
------------------------------------------------------------------------
Sequential           3.692660e-03 8.691849e-04 1.367733e-08 4.561858e-03  69.7%
Combinational        1.228491e-03 7.534226e-04 2.379633e-08 1.981937e-03  30.3%
Clock                0.000000e+00 0.000000e+00 9.979303e-10 9.979303e-10   0.0%
Macro                0.000000e+00 0.000000e+00 0.000000e+00 0.000000e+00   0.0%
Pad                  0.000000e+00 0.000000e+00 0.000000e+00 0.000000e+00   0.0%
------------------------------------------------------------------------
Total                4.921170e-03 1.622607e-03 3.847268e-08 6.543816e-03 100.0%
                            75.2%        24.8%         0.0%
Writing metric power__internal__total: 0.004921169951558113
Writing metric power__switching__total: 0.0016226072330027819
Writing metric power__leakage__total: 3.847267748824379e-8
Writing metric power__total: 0.006543815601617098

