
===========================================================================
 report_power
============================================================================
======================= min_tt_025C_1v80 Corner ===================================

Group                    Internal    Switching      Leakage        Total
                            Power        Power        Power        Power (Watts)
------------------------------------------------------------------------
Sequential           2.733398e-03 3.614003e-04 1.294486e-08 3.094812e-03  37.8%
Combinational        1.206780e-03 1.898258e-03 4.182919e-08 3.105080e-03  38.0%
Clock                9.092654e-04 1.071691e-03 1.497743e-08 1.980971e-03  24.2%
Macro                0.000000e+00 0.000000e+00 0.000000e+00 0.000000e+00   0.0%
Pad                  0.000000e+00 0.000000e+00 0.000000e+00 0.000000e+00   0.0%
------------------------------------------------------------------------
Total                4.849447e-03 3.331351e-03 6.974854e-08 8.180868e-03 100.0%
                            59.3%        40.7%         0.0%

