
===========================================================================
 report_power
============================================================================
======================= max_ss_100C_1v60 Corner ===================================

Group                    Internal    Switching      Leakage        Total
                            Power        Power        Power        Power (Watts)
------------------------------------------------------------------------
Sequential           2.121484e-03 3.263203e-04 2.191452e-05 2.469718e-03  36.4%
Combinational        9.636739e-04 1.667079e-03 4.489262e-05 2.675645e-03  39.5%
Clock                7.449011e-04 8.885043e-04 3.127178e-06 1.636532e-03  24.1%
Macro                0.000000e+00 0.000000e+00 0.000000e+00 0.000000e+00   0.0%
Pad                  0.000000e+00 0.000000e+00 0.000000e+00 0.000000e+00   0.0%
------------------------------------------------------------------------
Total                3.830060e-03 2.881905e-03 6.993143e-05 6.781896e-03 100.0%
                            56.5%        42.5%         1.0%

