
===========================================================================
 report_power
============================================================================
======================= max_ff_n40C_1v95 Corner ===================================

Group                    Internal    Switching      Leakage        Total
                            Power        Power        Power        Power (Watts)
------------------------------------------------------------------------
Sequential           3.168100e-03 4.909450e-04 2.376047e-08 3.659069e-03  36.7%
Combinational        1.364744e-03 2.525740e-03 8.021457e-08 3.890564e-03  39.0%
Clock                1.042364e-03 1.377730e-03 2.466095e-08 2.420118e-03  24.3%
Macro                0.000000e+00 0.000000e+00 0.000000e+00 0.000000e+00   0.0%
Pad                  0.000000e+00 0.000000e+00 0.000000e+00 0.000000e+00   0.0%
------------------------------------------------------------------------
Total                5.575203e-03 4.394412e-03 1.286391e-07 9.969744e-03 100.0%
                            55.9%        44.1%         0.0%

